Archive member included to satisfy reference by file (symbol)

c:/st/stm32cubeide_1.9.0/stm32cubeide/plugins/com.st.stm32cube.ide.mcu.externaltools.gnu-tools-for-stm32.10.3-2021.10.win32_1.0.0.202111181127/tools/bin/../lib/gcc/arm-none-eabi/10.3.1/../../../../arm-none-eabi/lib/thumb/v7-m/nofp\libc_nano.a(lib_a-errno.o)
                              ./Core/Src/syscalls.o (__errno)
c:/st/stm32cubeide_1.9.0/stm32cubeide/plugins/com.st.stm32cube.ide.mcu.externaltools.gnu-tools-for-stm32.10.3-2021.10.win32_1.0.0.202111181127/tools/bin/../lib/gcc/arm-none-eabi/10.3.1/../../../../arm-none-eabi/lib/thumb/v7-m/nofp\libc_nano.a(lib_a-exit.o)
                              c:/st/stm32cubeide_1.9.0/stm32cubeide/plugins/com.st.stm32cube.ide.mcu.externaltools.gnu-tools-for-stm32.10.3-2021.10.win32_1.0.0.202111181127/tools/bin/../lib/gcc/arm-none-eabi/10.3.1/../../../../arm-none-eabi/lib/thumb/v7-m/nofp/crt0.o (exit)
c:/st/stm32cubeide_1.9.0/stm32cubeide/plugins/com.st.stm32cube.ide.mcu.externaltools.gnu-tools-for-stm32.10.3-2021.10.win32_1.0.0.202111181127/tools/bin/../lib/gcc/arm-none-eabi/10.3.1/../../../../arm-none-eabi/lib/thumb/v7-m/nofp\libc_nano.a(lib_a-impure.o)
                              c:/st/stm32cubeide_1.9.0/stm32cubeide/plugins/com.st.stm32cube.ide.mcu.externaltools.gnu-tools-for-stm32.10.3-2021.10.win32_1.0.0.202111181127/tools/bin/../lib/gcc/arm-none-eabi/10.3.1/../../../../arm-none-eabi/lib/thumb/v7-m/nofp\libc_nano.a(lib_a-exit.o) (_global_impure_ptr)
c:/st/stm32cubeide_1.9.0/stm32cubeide/plugins/com.st.stm32cube.ide.mcu.externaltools.gnu-tools-for-stm32.10.3-2021.10.win32_1.0.0.202111181127/tools/bin/../lib/gcc/arm-none-eabi/10.3.1/../../../../arm-none-eabi/lib/thumb/v7-m/nofp\libc_nano.a(lib_a-init.o)
                              c:/st/stm32cubeide_1.9.0/stm32cubeide/plugins/com.st.stm32cube.ide.mcu.externaltools.gnu-tools-for-stm32.10.3-2021.10.win32_1.0.0.202111181127/tools/bin/../lib/gcc/arm-none-eabi/10.3.1/../../../../arm-none-eabi/lib/thumb/v7-m/nofp/crt0.o (__libc_init_array)
c:/st/stm32cubeide_1.9.0/stm32cubeide/plugins/com.st.stm32cube.ide.mcu.externaltools.gnu-tools-for-stm32.10.3-2021.10.win32_1.0.0.202111181127/tools/bin/../lib/gcc/arm-none-eabi/10.3.1/../../../../arm-none-eabi/lib/thumb/v7-m/nofp\libc_nano.a(lib_a-memset.o)
                              c:/st/stm32cubeide_1.9.0/stm32cubeide/plugins/com.st.stm32cube.ide.mcu.externaltools.gnu-tools-for-stm32.10.3-2021.10.win32_1.0.0.202111181127/tools/bin/../lib/gcc/arm-none-eabi/10.3.1/../../../../arm-none-eabi/lib/thumb/v7-m/nofp/crt0.o (memset)
c:/st/stm32cubeide_1.9.0/stm32cubeide/plugins/com.st.stm32cube.ide.mcu.externaltools.gnu-tools-for-stm32.10.3-2021.10.win32_1.0.0.202111181127/tools/bin/../lib/gcc/arm-none-eabi/10.3.1/../../../../arm-none-eabi/lib/thumb/v7-m/nofp\libc_nano.a(lib_a-strcpy.o)
                              ./Core/Src/main.o (strcpy)
c:/st/stm32cubeide_1.9.0/stm32cubeide/plugins/com.st.stm32cube.ide.mcu.externaltools.gnu-tools-for-stm32.10.3-2021.10.win32_1.0.0.202111181127/tools/bin/../lib/gcc/arm-none-eabi/10.3.1/../../../../arm-none-eabi/lib/thumb/v7-m/nofp\libc_nano.a(lib_a-strlen.o)
                              ./Core/Src/CLI.o (strlen)

Discarded input sections

 .text          0x0000000000000000        0x0 c:/st/stm32cubeide_1.9.0/stm32cubeide/plugins/com.st.stm32cube.ide.mcu.externaltools.gnu-tools-for-stm32.10.3-2021.10.win32_1.0.0.202111181127/tools/bin/../lib/gcc/arm-none-eabi/10.3.1/thumb/v7-m/nofp/crti.o
 .data          0x0000000000000000        0x0 c:/st/stm32cubeide_1.9.0/stm32cubeide/plugins/com.st.stm32cube.ide.mcu.externaltools.gnu-tools-for-stm32.10.3-2021.10.win32_1.0.0.202111181127/tools/bin/../lib/gcc/arm-none-eabi/10.3.1/thumb/v7-m/nofp/crti.o
 .bss           0x0000000000000000        0x0 c:/st/stm32cubeide_1.9.0/stm32cubeide/plugins/com.st.stm32cube.ide.mcu.externaltools.gnu-tools-for-stm32.10.3-2021.10.win32_1.0.0.202111181127/tools/bin/../lib/gcc/arm-none-eabi/10.3.1/thumb/v7-m/nofp/crti.o
 .data          0x0000000000000000        0x4 c:/st/stm32cubeide_1.9.0/stm32cubeide/plugins/com.st.stm32cube.ide.mcu.externaltools.gnu-tools-for-stm32.10.3-2021.10.win32_1.0.0.202111181127/tools/bin/../lib/gcc/arm-none-eabi/10.3.1/thumb/v7-m/nofp/crtbegin.o
 .rodata        0x0000000000000000       0x24 c:/st/stm32cubeide_1.9.0/stm32cubeide/plugins/com.st.stm32cube.ide.mcu.externaltools.gnu-tools-for-stm32.10.3-2021.10.win32_1.0.0.202111181127/tools/bin/../lib/gcc/arm-none-eabi/10.3.1/thumb/v7-m/nofp/crtbegin.o
 .text          0x0000000000000000       0x7c c:/st/stm32cubeide_1.9.0/stm32cubeide/plugins/com.st.stm32cube.ide.mcu.externaltools.gnu-tools-for-stm32.10.3-2021.10.win32_1.0.0.202111181127/tools/bin/../lib/gcc/arm-none-eabi/10.3.1/../../../../arm-none-eabi/lib/thumb/v7-m/nofp/crt0.o
[...]
Memory Configuration

Name             Origin             Length             Attributes
RAM              0x0000000020000000 0x0000000000005000 xrw
FLASH            0x0000000008000000 0x0000000000020000 xr
*default*        0x0000000000000000 0xffffffffffffffff

Linker script and memory map

LOAD c:/st/stm32cubeide_1.9.0/stm32cubeide/plugins/com.st.stm32cube.ide.mcu.externaltools.gnu-tools-for-stm32.10.3-2021.10.win32_1.0.0.202111181127/tools/bin/../lib/gcc/arm-none-eabi/10.3.1/thumb/v7-m/nofp/crti.o
LOAD c:/st/stm32cubeide_1.9.0/stm32cubeide/plugins/com.st.stm32cube.ide.mcu.externaltools.gnu-tools-for-stm32.10.3-2021.10.win32_1.0.0.202111181127/tools/bin/../lib/gcc/arm-none-eabi/10.3.1/thumb/v7-m/nofp/crtbegin.o
LOAD c:/st/stm32cubeide_1.9.0/stm32cubeide/plugins/com.st.stm32cube.ide.mcu.externaltools.gnu-tools-for-stm32.10.3-2021.10.win32_1.0.0.202111181127/tools/bin/../lib/gcc/arm-none-eabi/10.3.1/../../../../arm-none-eabi/lib/thumb/v7-m/nofp/crt0.o
LOAD ./Core/Src/CLI.o
LOAD ./Core/Src/main.o
LOAD ./Core/Src/stm32f1xx_hal_msp.o
LOAD ./Core/Src/stm32f1xx_it.o
LOAD ./Core/Src/syscalls.o
LOAD ./Core/Src/sysmem.o
LOAD ./Core/Src/system_stm32f1xx.o
LOAD ./Core/Startup/startup_stm32f103rbtx.o
LOAD ./Drivers/STM32F1xx_HAL_Driver/Src/stm32f1xx_hal.o
LOAD ./Drivers/STM32F1xx_HAL_Driver/Src/stm32f1xx_hal_cortex.o
LOAD ./Drivers/STM32F1xx_HAL_Driver/Src/stm32f1xx_hal_dma.o
LOAD ./Drivers/STM32F1xx_HAL_Driver/Src/stm32f1xx_hal_exti.o
LOAD ./Drivers/STM32F1xx_HAL_Driver/Src/stm32f1xx_hal_flash.o
LOAD ./Drivers/STM32F1xx_HAL_Driver/Src/stm32f1xx_hal_flash_ex.o
LOAD ./Drivers/STM32F1xx_HAL_Driver/Src/stm32f1xx_hal_gpio.o
LOAD ./Drivers/STM32F1xx_HAL_Driver/Src/stm32f1xx_hal_gpio_ex.o
LOAD ./Drivers/STM32F1xx_HAL_Driver/Src/stm32f1xx_hal_pwr.o
LOAD ./Drivers/STM32F1xx_HAL_Driver/Src/stm32f1xx_hal_rcc.o
LOAD ./Drivers/STM32F1xx_HAL_Driver/Src/stm32f1xx_hal_rcc_ex.o
LOAD ./Drivers/STM32F1xx_HAL_Driver/Src/stm32f1xx_hal_tim.o
LOAD ./Drivers/STM32F1xx_HAL_Driver/Src/stm32f1xx_hal_tim_ex.o
LOAD ./Drivers/STM32F1xx_HAL_Driver/Src/stm32f1xx_hal_uart.o
START GROUP
LOAD c:/st/stm32cubeide_1.9.0/stm32cubeide/plugins/com.st.stm32cube.ide.mcu.externaltools.gnu-tools-for-stm32.10.3-2021.10.win32_1.0.0.202111181127/tools/bin/../lib/gcc/arm-none-eabi/10.3.1/../../../../arm-none-eabi/lib/thumb/v7-m/nofp\libc_nano.a
LOAD c:/st/stm32cubeide_1.9.0/stm32cubeide/plugins/com.st.stm32cube.ide.mcu.externaltools.gnu-tools-for-stm32.10.3-2021.10.win32_1.0.0.202111181127/tools/bin/../lib/gcc/arm-none-eabi/10.3.1/../../../../arm-none-eabi/lib/thumb/v7-m/nofp\libm.a
END GROUP
START GROUP
LOAD c:/st/stm32cubeide_1.9.0/stm32cubeide/plugins/com.st.stm32cube.ide.mcu.externaltools.gnu-tools-for-stm32.10.3-2021.10.win32_1.0.0.202111181127/tools/bin/../lib/gcc/arm-none-eabi/10.3.1/thumb/v7-m/nofp\libgcc.a
LOAD c:/st/stm32cubeide_1.9.0/stm32cubeide/plugins/com.st.stm32cube.ide.mcu.externaltools.gnu-tools-for-stm32.10.3-2021.10.win32_1.0.0.202111181127/tools/bin/../lib/gcc/arm-none-eabi/10.3.1/../../../../arm-none-eabi/lib/thumb/v7-m/nofp\libc_nano.a
END GROUP
START GROUP
LOAD c:/st/stm32cubeide_1.9.0/stm32cubeide/plugins/com.st.stm32cube.ide.mcu.externaltools.gnu-tools-for-stm32.10.3-2021.10.win32_1.0.0.202111181127/tools/bin/../lib/gcc/arm-none-eabi/10.3.1/thumb/v7-m/nofp\libgcc.a
LOAD c:/st/stm32cubeide_1.9.0/stm32cubeide/plugins/com.st.stm32cube.ide.mcu.externaltools.gnu-tools-for-stm32.10.3-2021.10.win32_1.0.0.202111181127/tools/bin/../lib/gcc/arm-none-eabi/10.3.1/../../../../arm-none-eabi/lib/thumb/v7-m/nofp\libc_nano.a
LOAD c:/st/stm32cubeide_1.9.0/stm32cubeide/plugins/com.st.stm32cube.ide.mcu.externaltools.gnu-tools-for-stm32.10.3-2021.10.win32_1.0.0.202111181127/tools/bin/../lib/gcc/arm-none-eabi/10.3.1/../../../../arm-none-eabi/lib/thumb/v7-m/nofp\libnosys.a
END GROUP
START GROUP
LOAD c:/st/stm32cubeide_1.9.0/stm32cubeide/plugins/com.st.stm32cube.ide.mcu.externaltools.gnu-tools-for-stm32.10.3-2021.10.win32_1.0.0.202111181127/tools/bin/../lib/gcc/arm-none-eabi/10.3.1/thumb/v7-m/nofp\libgcc.a
LOAD c:/st/stm32cubeide_1.9.0/stm32cubeide/plugins/com.st.stm32cube.ide.mcu.externaltools.gnu-tools-for-stm32.10.3-2021.10.win32_1.0.0.202111181127/tools/bin/../lib/gcc/arm-none-eabi/10.3.1/../../../../arm-none-eabi/lib/thumb/v7-m/nofp\libc_nano.a
LOAD c:/st/stm32cubeide_1.9.0/stm32cubeide/plugins/com.st.stm32cube.ide.mcu.externaltools.gnu-tools-for-stm32.10.3-2021.10.win32_1.0.0.202111181127/tools/bin/../lib/gcc/arm-none-eabi/10.3.1/../../../../arm-none-eabi/lib/thumb/v7-m/nofp\libnosys.a
END GROUP
LOAD c:/st/stm32cubeide_1.9.0/stm32cubeide/plugins/com.st.stm32cube.ide.mcu.externaltools.gnu-tools-for-stm32.10.3-2021.10.win32_1.0.0.202111181127/tools/bin/../lib/gcc/arm-none-eabi/10.3.1/thumb/v7-m/nofp/crtend.o
LOAD c:/st/stm32cubeide_1.9.0/stm32cubeide/plugins/com.st.stm32cube.ide.mcu.externaltools.gnu-tools-for-stm32.10.3-2021.10.win32_1.0.0.202111181127/tools/bin/../lib/gcc/arm-none-eabi/10.3.1/thumb/v7-m/nofp/crtn.o
                0x0000000020005000                _estack = (ORIGIN (RAM) + LENGTH (RAM))
                0x0000000000000200                _Min_Heap_Size = 0x200
                0x0000000000000400                _Min_Stack_Size = 0x400

.isr_vector     0x0000000008000000      0x10c
                0x0000000008000000                . = ALIGN (0x4)
 *(.isr_vector)
 .isr_vector    0x0000000008000000      0x10c ./Core/Startup/startup_stm32f103rbtx.o
                0x0000000008000000                g_pfnVectors
                0x000000000800010c                . = ALIGN (0x4)

.text           0x000000000800010c     0x2414
                0x000000000800010c                . = ALIGN (0x4)
 *(.text)
 .text          0x000000000800010c       0x40 c:/st/stm32cubeide_1.9.0/stm32cubeide/plugins/com.st.stm32cube.ide.mcu.externaltools.gnu-tools-for-stm32.10.3-2021.10.win32_1.0.0.202111181127/tools/bin/../lib/gcc/arm-none-eabi/10.3.1/thumb/v7-m/nofp/crtbegin.o
 .text          0x000000000800014c       0x10 c:/st/stm32cubeide_1.9.0/stm32cubeide/plugins/com.st.stm32cube.ide.mcu.externaltools.gnu-tools-for-stm32.10.3-2021.10.win32_1.0.0.202111181127/tools/bin/../lib/gcc/arm-none-eabi/10.3.1/../../../../arm-none-eabi/lib/thumb/v7-m/nofp\libc_nano.a(lib_a-strlen.o)
                0x000000000800014c                strlen
 *(.text*)
 .text.isCompleteLine
                0x000000000800015c       0x20 ./Core/Src/CLI.o
                0x000000000800015c                isCompleteLine
 .text.copyCharTo
                0x000000000800017c       0x3c ./Core/Src/CLI.o
                0x000000000800017c                copyCharTo
 .text.executeCommand
                0x00000000080001b8      0x1e0 ./Core/Src/CLI.o
                0x00000000080001b8                executeCommand
 .text.printString
                0x0000000008000398       0x70 ./Core/Src/CLI.o
                0x0000000008000398                printString
 .text.main     0x0000000008000408       0xc8 ./Core/Src/main.o
                0x0000000008000408                main
 .text.SystemClock_Config
                0x00000000080004d0       0x82 ./Core/Src/main.o
                0x00000000080004d0                SystemClock_Config
 *fill*         0x0000000008000552        0x2 
 .text.MX_USART2_UART_Init
                0x0000000008000554       0x54 ./Core/Src/main.o
 .text.MX_USART3_UART_Init
                0x00000000080005a8       0x54 ./Core/Src/main.o
 .text.MX_GPIO_Init
                0x00000000080005fc       0xdc ./Core/Src/main.o
 .text.HAL_UART_RxCpltCallback
                0x00000000080006d8       0xf8 ./Core/Src/main.o
                0x00000000080006d8                HAL_UART_RxCpltCallback
 .text.Error_Handler
                0x00000000080007d0        0xa ./Core/Src/main.o
                0x00000000080007d0                Error_Handler
 *fill*         0x00000000080007da        0x2 
 .text.HAL_MspInit
                0x00000000080007dc       0x64 ./Core/Src/stm32f1xx_hal_msp.o
                0x00000000080007dc                HAL_MspInit
 .text.HAL_UART_MspInit
                0x0000000008000840      0x104 ./Core/Src/stm32f1xx_hal_msp.o
                0x0000000008000840                HAL_UART_MspInit
 .text.NMI_Handler
                0x0000000008000944        0x6 ./Core/Src/stm32f1xx_it.o
                0x0000000008000944                NMI_Handler
 .text.HardFault_Handler
                0x000000000800094a        0x6 ./Core/Src/stm32f1xx_it.o
                0x000000000800094a                HardFault_Handler
 .text.MemManage_Handler
                0x0000000008000950        0x6 ./Core/Src/stm32f1xx_it.o
                0x0000000008000950                MemManage_Handler
 .text.BusFault_Handler
                0x0000000008000956        0x6 ./Core/Src/stm32f1xx_it.o
                0x0000000008000956                BusFault_Handler
 .text.UsageFault_Handler
                0x000000000800095c        0x6 ./Core/Src/stm32f1xx_it.o
                0x000000000800095c                UsageFault_Handler
 .text.SVC_Handler
                0x0000000008000962        0xc ./Core/Src/stm32f1xx_it.o
                0x0000000008000962                SVC_Handler
 .text.DebugMon_Handler
                0x000000000800096e        0xc ./Core/Src/stm32f1xx_it.o
                0x000000000800096e                DebugMon_Handler
 .text.PendSV_Handler
                0x000000000800097a        0xc ./Core/Src/stm32f1xx_it.o
                0x000000000800097a                PendSV_Handler
 .text.SysTick_Handler
                0x0000000008000986        0xc ./Core/Src/stm32f1xx_it.o
                0x0000000008000986                SysTick_Handler
 *fill*         0x0000000008000992        0x2 
 .text.USART3_IRQHandler
                0x0000000008000994       0x14 ./Core/Src/stm32f1xx_it.o
                0x0000000008000994                USART3_IRQHandler
 .text.EXTI15_10_IRQHandler
                0x00000000080009a8       0x10 ./Core/Src/stm32f1xx_it.o
                0x00000000080009a8                EXTI15_10_IRQHandler
 .text.SystemInit
                0x00000000080009b8        0xc ./Core/Src/system_stm32f1xx.o
                0x00000000080009b8                SystemInit
 .text.Reset_Handler
                0x00000000080009c4       0x48 ./Core/Startup/startup_stm32f103rbtx.o
                0x00000000080009c4                Reset_Handler
 .text.Default_Handler
                0x0000000008000a0c        0x2 ./Core/Startup/startup_stm32f103rbtx.o
                0x0000000008000a0c                RTC_Alarm_IRQHandler
                0x0000000008000a0c                EXTI2_IRQHandler
                0x0000000008000a0c                TIM1_CC_IRQHandler
                0x0000000008000a0c                PVD_IRQHandler
                0x0000000008000a0c                EXTI3_IRQHandler
                0x0000000008000a0c                EXTI0_IRQHandler
                0x0000000008000a0c                I2C2_EV_IRQHandler
                0x0000000008000a0c                ADC1_2_IRQHandler
                0x0000000008000a0c                SPI1_IRQHandler
                0x0000000008000a0c                TAMPER_IRQHandler
                0x0000000008000a0c                DMA1_Channel4_IRQHandler
                0x0000000008000a0c                RTC_IRQHandler
                0x0000000008000a0c                DMA1_Channel7_IRQHandler
                0x0000000008000a0c                CAN1_RX1_IRQHandler
                0x0000000008000a0c                TIM4_IRQHandler
                0x0000000008000a0c                I2C1_EV_IRQHandler
                0x0000000008000a0c                DMA1_Channel6_IRQHandler
                0x0000000008000a0c                TIM3_IRQHandler
                0x0000000008000a0c                RCC_IRQHandler
                0x0000000008000a0c                TIM1_TRG_COM_IRQHandler
                0x0000000008000a0c                DMA1_Channel1_IRQHandler
                0x0000000008000a0c                Default_Handler
                0x0000000008000a0c                EXTI9_5_IRQHandler
                0x0000000008000a0c                SPI2_IRQHandler
                0x0000000008000a0c                DMA1_Channel5_IRQHandler
                0x0000000008000a0c                EXTI4_IRQHandler
                0x0000000008000a0c                USB_LP_CAN1_RX0_IRQHandler
                0x0000000008000a0c                USB_HP_CAN1_TX_IRQHandler
                0x0000000008000a0c                DMA1_Channel3_IRQHandler
                0x0000000008000a0c                TIM1_UP_IRQHandler
                0x0000000008000a0c                WWDG_IRQHandler
                0x0000000008000a0c                TIM2_IRQHandler
                0x0000000008000a0c                TIM1_BRK_IRQHandler
                0x0000000008000a0c                EXTI1_IRQHandler
                0x0000000008000a0c                USART2_IRQHandler
                0x0000000008000a0c                I2C2_ER_IRQHandler
                0x0000000008000a0c                DMA1_Channel2_IRQHandler
                0x0000000008000a0c                CAN1_SCE_IRQHandler
                0x0000000008000a0c                FLASH_IRQHandler
                0x0000000008000a0c                USART1_IRQHandler
                0x0000000008000a0c                I2C1_ER_IRQHandler
                0x0000000008000a0c                USBWakeUp_IRQHandler
 *fill*         0x0000000008000a0e        0x2 
 .text.HAL_Init
                0x0000000008000a10       0x2c ./Drivers/STM32F1xx_HAL_Driver/Src/stm32f1xx_hal.o
                0x0000000008000a10                HAL_Init
 .text.HAL_InitTick
                0x0000000008000a3c       0x60 ./Drivers/STM32F1xx_HAL_Driver/Src/stm32f1xx_hal.o
                0x0000000008000a3c                HAL_InitTick
 .text.HAL_IncTick
                0x0000000008000a9c       0x24 ./Drivers/STM32F1xx_HAL_Driver/Src/stm32f1xx_hal.o
                0x0000000008000a9c                HAL_IncTick
 .text.HAL_GetTick
                0x0000000008000ac0       0x14 ./Drivers/STM32F1xx_HAL_Driver/Src/stm32f1xx_hal.o
                0x0000000008000ac0                HAL_GetTick
 .text.__NVIC_SetPriorityGrouping
                0x0000000008000ad4       0x48 ./Drivers/STM32F1xx_HAL_Driver/Src/stm32f1xx_hal_cortex.o
 .text.__NVIC_GetPriorityGrouping
                0x0000000008000b1c       0x1c ./Drivers/STM32F1xx_HAL_Driver/Src/stm32f1xx_hal_cortex.o
 .text.__NVIC_EnableIRQ
                0x0000000008000b38       0x38 ./Drivers/STM32F1xx_HAL_Driver/Src/stm32f1xx_hal_cortex.o
 .text.__NVIC_SetPriority
                0x0000000008000b70       0x54 ./Drivers/STM32F1xx_HAL_Driver/Src/stm32f1xx_hal_cortex.o
 .text.NVIC_EncodePriority
                0x0000000008000bc4       0x64 ./Drivers/STM32F1xx_HAL_Driver/Src/stm32f1xx_hal_cortex.o
 .text.SysTick_Config
                0x0000000008000c28       0x44 ./Drivers/STM32F1xx_HAL_Driver/Src/stm32f1xx_hal_cortex.o
 .text.HAL_NVIC_SetPriorityGrouping
                0x0000000008000c6c       0x16 ./Drivers/STM32F1xx_HAL_Driver/Src/stm32f1xx_hal_cortex.o
                0x0000000008000c6c                HAL_NVIC_SetPriorityGrouping
 .text.HAL_NVIC_SetPriority
                0x0000000008000c82       0x38 ./Drivers/STM32F1xx_HAL_Driver/Src/stm32f1xx_hal_cortex.o
                0x0000000008000c82                HAL_NVIC_SetPriority
 .text.HAL_NVIC_EnableIRQ
                0x0000000008000cba       0x1c ./Drivers/STM32F1xx_HAL_Driver/Src/stm32f1xx_hal_cortex.o
                0x0000000008000cba                HAL_NVIC_EnableIRQ
 .text.HAL_SYSTICK_Config
                0x0000000008000cd6       0x18 ./Drivers/STM32F1xx_HAL_Driver/Src/stm32f1xx_hal_cortex.o
                0x0000000008000cd6                HAL_SYSTICK_Config
 .text.HAL_DMA_Abort
                0x0000000008000cee       0x74 ./Drivers/STM32F1xx_HAL_Driver/Src/stm32f1xx_hal_dma.o
                0x0000000008000cee                HAL_DMA_Abort
 *fill*         0x0000000008000d62        0x2 
 .text.HAL_DMA_Abort_IT
                0x0000000008000d64       0xec ./Drivers/STM32F1xx_HAL_Driver/Src/stm32f1xx_hal_dma.o
                0x0000000008000d64                HAL_DMA_Abort_IT
 .text.HAL_GPIO_Init
                0x0000000008000e50      0x308 ./Drivers/STM32F1xx_HAL_Driver/Src/stm32f1xx_hal_gpio.o
                0x0000000008000e50                HAL_GPIO_Init
 .text.HAL_GPIO_ReadPin
                0x0000000008001158       0x2e ./Drivers/STM32F1xx_HAL_Driver/Src/stm32f1xx_hal_gpio.o
                0x0000000008001158                HAL_GPIO_ReadPin
 .text.HAL_GPIO_WritePin
                0x0000000008001186       0x30 ./Drivers/STM32F1xx_HAL_Driver/Src/stm32f1xx_hal_gpio.o
                0x0000000008001186                HAL_GPIO_WritePin
 *fill*         0x00000000080011b6        0x2 
 .text.HAL_GPIO_EXTI_IRQHandler
                0x00000000080011b8       0x30 ./Drivers/STM32F1xx_HAL_Driver/Src/stm32f1xx_hal_gpio.o
                0x00000000080011b8                HAL_GPIO_EXTI_IRQHandler
 .text.HAL_GPIO_EXTI_Callback
                0x00000000080011e8       0x14 ./Drivers/STM32F1xx_HAL_Driver/Src/stm32f1xx_hal_gpio.o
                0x00000000080011e8                HAL_GPIO_EXTI_Callback
 .text.HAL_RCC_OscConfig
                0x00000000080011fc      0x504 ./Drivers/STM32F1xx_HAL_Driver/Src/stm32f1xx_hal_rcc.o
                0x00000000080011fc                HAL_RCC_OscConfig
 .text.HAL_RCC_ClockConfig
                0x0000000008001700      0x1d4 ./Drivers/STM32F1xx_HAL_Driver/Src/stm32f1xx_hal_rcc.o
                0x0000000008001700                HAL_RCC_ClockConfig
 .text.HAL_RCC_GetSysClockFreq
                0x00000000080018d4       0xbc ./Drivers/STM32F1xx_HAL_Driver/Src/stm32f1xx_hal_rcc.o
                0x00000000080018d4                HAL_RCC_GetSysClockFreq
 .text.HAL_RCC_GetHCLKFreq
                0x0000000008001990       0x14 ./Drivers/STM32F1xx_HAL_Driver/Src/stm32f1xx_hal_rcc.o
                0x0000000008001990                HAL_RCC_GetHCLKFreq
 .text.HAL_RCC_GetPCLK1Freq
                0x00000000080019a4       0x28 ./Drivers/STM32F1xx_HAL_Driver/Src/stm32f1xx_hal_rcc.o
                0x00000000080019a4                HAL_RCC_GetPCLK1Freq
 .text.HAL_RCC_GetPCLK2Freq
                0x00000000080019cc       0x28 ./Drivers/STM32F1xx_HAL_Driver/Src/stm32f1xx_hal_rcc.o
                0x00000000080019cc                HAL_RCC_GetPCLK2Freq
 .text.RCC_Delay
                0x00000000080019f4       0x3c ./Drivers/STM32F1xx_HAL_Driver/Src/stm32f1xx_hal_rcc.o
 .text.HAL_UART_Init
                0x0000000008001a30       0x9a ./Drivers/STM32F1xx_HAL_Driver/Src/stm32f1xx_hal_uart.o
                0x0000000008001a30                HAL_UART_Init
 .text.HAL_UART_Transmit
                0x0000000008001aca      0x124 ./Drivers/STM32F1xx_HAL_Driver/Src/stm32f1xx_hal_uart.o
                0x0000000008001aca                HAL_UART_Transmit
 .text.HAL_UART_Receive_IT
                0x0000000008001bee       0x60 ./Drivers/STM32F1xx_HAL_Driver/Src/stm32f1xx_hal_uart.o
                0x0000000008001bee                HAL_UART_Receive_IT
 *fill*         0x0000000008001c4e        0x2 
 .text.HAL_UART_IRQHandler
                0x0000000008001c50      0x354 ./Drivers/STM32F1xx_HAL_Driver/Src/stm32f1xx_hal_uart.o
                0x0000000008001c50                HAL_UART_IRQHandler
 .text.HAL_UART_TxCpltCallback
                0x0000000008001fa4       0x12 ./Drivers/STM32F1xx_HAL_Driver/Src/stm32f1xx_hal_uart.o
                0x0000000008001fa4                HAL_UART_TxCpltCallback
 .text.HAL_UART_ErrorCallback
                0x0000000008001fb6       0x12 ./Drivers/STM32F1xx_HAL_Driver/Src/stm32f1xx_hal_uart.o
                0x0000000008001fb6                HAL_UART_ErrorCallback
 .text.HAL_UARTEx_RxEventCallback
                0x0000000008001fc8       0x16 ./Drivers/STM32F1xx_HAL_Driver/Src/stm32f1xx_hal_uart.o
                0x0000000008001fc8                HAL_UARTEx_RxEventCallback
 .text.UART_WaitOnFlagUntilTimeout
                0x0000000008001fde       0x94 ./Drivers/STM32F1xx_HAL_Driver/Src/stm32f1xx_hal_uart.o
 .text.UART_Start_Receive_IT
                0x0000000008002072       0x72 ./Drivers/STM32F1xx_HAL_Driver/Src/stm32f1xx_hal_uart.o
                0x0000000008002072                UART_Start_Receive_IT
 .text.UART_EndRxTransfer
                0x00000000080020e4       0x58 ./Drivers/STM32F1xx_HAL_Driver/Src/stm32f1xx_hal_uart.o
 .text.UART_DMAAbortOnError
                0x000000000800213c       0x28 ./Drivers/STM32F1xx_HAL_Driver/Src/stm32f1xx_hal_uart.o
 .text.UART_Transmit_IT
                0x0000000008002164       0x9e ./Drivers/STM32F1xx_HAL_Driver/Src/stm32f1xx_hal_uart.o
 .text.UART_EndTransmit_IT
                0x0000000008002202       0x30 ./Drivers/STM32F1xx_HAL_Driver/Src/stm32f1xx_hal_uart.o
 .text.UART_Receive_IT
                0x0000000008002232      0x152 ./Drivers/STM32F1xx_HAL_Driver/Src/stm32f1xx_hal_uart.o
 .text.UART_SetConfig
                0x0000000008002384      0x11c ./Drivers/STM32F1xx_HAL_Driver/Src/stm32f1xx_hal_uart.o
 .text.__libc_init_array
                0x00000000080024a0       0x48 c:/st/stm32cubeide_1.9.0/stm32cubeide/plugins/com.st.stm32cube.ide.mcu.externaltools.gnu-tools-for-stm32.10.3-2021.10.win32_1.0.0.202111181127/tools/bin/../lib/gcc/arm-none-eabi/10.3.1/../../../../arm-none-eabi/lib/thumb/v7-m/nofp\libc_nano.a(lib_a-init.o)
                0x00000000080024a0                __libc_init_array
 .text.memset   0x00000000080024e8       0x10 c:/st/stm32cubeide_1.9.0/stm32cubeide/plugins/com.st.stm32cube.ide.mcu.externaltools.gnu-tools-for-stm32.10.3-2021.10.win32_1.0.0.202111181127/tools/bin/../lib/gcc/arm-none-eabi/10.3.1/../../../../arm-none-eabi/lib/thumb/v7-m/nofp\libc_nano.a(lib_a-memset.o)
                0x00000000080024e8                memset
 .text.strcpy   0x00000000080024f8       0x10 c:/st/stm32cubeide_1.9.0/stm32cubeide/plugins/com.st.stm32cube.ide.mcu.externaltools.gnu-tools-for-stm32.10.3-2021.10.win32_1.0.0.202111181127/tools/bin/../lib/gcc/arm-none-eabi/10.3.1/../../../../arm-none-eabi/lib/thumb/v7-m/nofp\libc_nano.a(lib_a-strcpy.o)
                0x00000000080024f8                strcpy
 *(.glue_7)
 .glue_7        0x0000000008002508        0x0 linker stubs
 *(.glue_7t)
 .glue_7t       0x0000000008002508        0x0 linker stubs
 *(.eh_frame)
 .eh_frame      0x0000000008002508        0x0 c:/st/stm32cubeide_1.9.0/stm32cubeide/plugins/com.st.stm32cube.ide.mcu.externaltools.gnu-tools-for-stm32.10.3-2021.10.win32_1.0.0.202111181127/tools/bin/../lib/gcc/arm-none-eabi/10.3.1/thumb/v7-m/nofp/crtbegin.o
 *(.init)
 .init          0x0000000008002508        0x4 c:/st/stm32cubeide_1.9.0/stm32cubeide/plugins/com.st.stm32cube.ide.mcu.externaltools.gnu-tools-for-stm32.10.3-2021.10.win32_1.0.0.202111181127/tools/bin/../lib/gcc/arm-none-eabi/10.3.1/thumb/v7-m/nofp/crti.o
                0x0000000008002508                _init
 .init          0x000000000800250c        0x8 c:/st/stm32cubeide_1.9.0/stm32cubeide/plugins/com.st.stm32cube.ide.mcu.externaltools.gnu-tools-for-stm32.10.3-2021.10.win32_1.0.0.202111181127/tools/bin/../lib/gcc/arm-none-eabi/10.3.1/thumb/v7-m/nofp/crtn.o
 *(.fini)
 .fini          0x0000000008002514        0x4 c:/st/stm32cubeide_1.9.0/stm32cubeide/plugins/com.st.stm32cube.ide.mcu.externaltools.gnu-tools-for-stm32.10.3-2021.10.win32_1.0.0.202111181127/tools/bin/../lib/gcc/arm-none-eabi/10.3.1/thumb/v7-m/nofp/crti.o
                0x0000000008002514                _fini
 .fini          0x0000000008002518        0x8 c:/st/stm32cubeide_1.9.0/stm32cubeide/plugins/com.st.stm32cube.ide.mcu.externaltools.gnu-tools-for-stm32.10.3-2021.10.win32_1.0.0.202111181127/tools/bin/../lib/gcc/arm-none-eabi/10.3.1/thumb/v7-m/nofp/crtn.o
                0x0000000008002520                . = ALIGN (0x4)
                0x0000000008002520                _etext = .

.vfp11_veneer   0x0000000008002520        0x0
 .vfp11_veneer  0x0000000008002520        0x0 linker stubs

.v4_bx          0x0000000008002520        0x0
 .v4_bx         0x0000000008002520        0x0 linker stubs

.iplt           0x0000000008002520        0x0
 .iplt          0x0000000008002520        0x0 c:/st/stm32cubeide_1.9.0/stm32cubeide/plugins/com.st.stm32cube.ide.mcu.externaltools.gnu-tools-for-stm32.10.3-2021.10.win32_1.0.0.202111181127/tools/bin/../lib/gcc/arm-none-eabi/10.3.1/thumb/v7-m/nofp/crtbegin.o

.rodata         0x0000000008002520      0x1c0
                0x0000000008002520                . = ALIGN (0x4)
 *(.rodata)
 .rodata        0x0000000008002520      0x121 ./Core/Src/CLI.o
 *fill*         0x0000000008002641        0x3 
 .rodata        0x0000000008002644       0x73 ./Core/Src/main.o
 *fill*         0x00000000080026b7        0x1 
 .rodata        0x00000000080026b8       0x10 ./Drivers/STM32F1xx_HAL_Driver/Src/stm32f1xx_hal_rcc.o
 *(.rodata*)
 .rodata.AHBPrescTable
                0x00000000080026c8       0x10 ./Core/Src/system_stm32f1xx.o
                0x00000000080026c8                AHBPrescTable
 .rodata.APBPrescTable
                0x00000000080026d8        0x8 ./Core/Src/system_stm32f1xx.o
                0x00000000080026d8                APBPrescTable
                0x00000000080026e0                . = ALIGN (0x4)

.rel.dyn        0x00000000080026e0        0x0
 .rel.iplt      0x00000000080026e0        0x0 c:/st/stm32cubeide_1.9.0/stm32cubeide/plugins/com.st.stm32cube.ide.mcu.externaltools.gnu-tools-for-stm32.10.3-2021.10.win32_1.0.0.202111181127/tools/bin/../lib/gcc/arm-none-eabi/10.3.1/thumb/v7-m/nofp/crtbegin.o

.ARM.extab      0x00000000080026e0        0x0
                0x00000000080026e0                . = ALIGN (0x4)
 *(.ARM.extab* .gnu.linkonce.armextab.*)
                0x00000000080026e0                . = ALIGN (0x4)

.ARM            0x00000000080026e0        0x0
                0x00000000080026e0                . = ALIGN (0x4)
                0x00000000080026e0                __exidx_start = .
 *(.ARM.exidx*)
                0x00000000080026e0                __exidx_end = .
                0x00000000080026e0                . = ALIGN (0x4)

.preinit_array  0x00000000080026e0        0x0
                0x00000000080026e0                . = ALIGN (0x4)
                0x00000000080026e0                PROVIDE (__preinit_array_start = .)
 *(.preinit_array*)
                0x00000000080026e0                PROVIDE (__preinit_array_end = .)
                0x00000000080026e0                . = ALIGN (0x4)

.init_array     0x00000000080026e0        0x4
                0x00000000080026e0                . = ALIGN (0x4)
                0x00000000080026e0                PROVIDE (__init_array_start = .)
 *(SORT_BY_NAME(.init_array.*))
 *(.init_array*)
 .init_array    0x00000000080026e0        0x4 c:/st/stm32cubeide_1.9.0/stm32cubeide/plugins/com.st.stm32cube.ide.mcu.externaltools.gnu-tools-for-stm32.10.3-2021.10.win32_1.0.0.202111181127/tools/bin/../lib/gcc/arm-none-eabi/10.3.1/thumb/v7-m/nofp/crtbegin.o
                0x00000000080026e4                PROVIDE (__init_array_end = .)
                0x00000000080026e4                . = ALIGN (0x4)

.fini_array     0x00000000080026e4        0x4
                0x00000000080026e4                . = ALIGN (0x4)
                [!provide]                        PROVIDE (__fini_array_start = .)
 *(SORT_BY_NAME(.fini_array.*))
 *(.fini_array*)
 .fini_array    0x00000000080026e4        0x4 c:/st/stm32cubeide_1.9.0/stm32cubeide/plugins/com.st.stm32cube.ide.mcu.externaltools.gnu-tools-for-stm32.10.3-2021.10.win32_1.0.0.202111181127/tools/bin/../lib/gcc/arm-none-eabi/10.3.1/thumb/v7-m/nofp/crtbegin.o
                [!provide]                        PROVIDE (__fini_array_end = .)
                0x00000000080026e8                . = ALIGN (0x4)
                0x00000000080026e8                _sidata = LOADADDR (.data)

.data           0x0000000020000000       0x28 load address 0x00000000080026e8
                0x0000000020000000                . = ALIGN (0x4)
                0x0000000020000000                _sdata = .
 *(.data)
 *(.data*)
 .data.CLEAR_SCREEN
                0x0000000020000000        0x4 ./Core/Src/main.o
                0x0000000020000000                CLEAR_SCREEN
 .data.SCROLL_WINDOW
                0x0000000020000004        0x4 ./Core/Src/main.o
                0x0000000020000004                SCROLL_WINDOW
 .data.GO_TO_SCROLL
                0x0000000020000008        0x4 ./Core/Src/main.o
                0x0000000020000008                GO_TO_SCROLL
 .data.GO_TO_TOP
                0x000000002000000c        0x4 ./Core/Src/main.o
                0x000000002000000c                GO_TO_TOP
 .data.SHOW_CURS
                0x0000000020000010        0x4 ./Core/Src/main.o
                0x0000000020000010                SHOW_CURS
 .data.SAVE_CURS
                0x0000000020000014        0x4 ./Core/Src/main.o
                0x0000000020000014                SAVE_CURS
 .data.RETURN_CURS
                0x0000000020000018        0x4 ./Core/Src/main.o
                0x0000000020000018                RETURN_CURS
 .data.SystemCoreClock
                0x000000002000001c        0x4 ./Core/Src/system_stm32f1xx.o
                0x000000002000001c                SystemCoreClock
 .data.uwTickPrio
                0x0000000020000020        0x4 ./Drivers/STM32F1xx_HAL_Driver/Src/stm32f1xx_hal.o
                0x0000000020000020                uwTickPrio
 .data.uwTickFreq
                0x0000000020000024        0x1 ./Drivers/STM32F1xx_HAL_Driver/Src/stm32f1xx_hal.o
                0x0000000020000024                uwTickFreq
 *(.RamFunc)
 *(.RamFunc*)
                0x0000000020000028                . = ALIGN (0x4)
 *fill*         0x0000000020000025        0x3 
                0x0000000020000028                _edata = .

.igot.plt       0x0000000020000028        0x0 load address 0x0000000008002710
 .igot.plt      0x0000000020000028        0x0 c:/st/stm32cubeide_1.9.0/stm32cubeide/plugins/com.st.stm32cube.ide.mcu.externaltools.gnu-tools-for-stm32.10.3-2021.10.win32_1.0.0.202111181127/tools/bin/../lib/gcc/arm-none-eabi/10.3.1/thumb/v7-m/nofp/crtbegin.o
                0x0000000020000028                . = ALIGN (0x4)

.bss            0x0000000020000028      0x100 load address 0x0000000008002710
                0x0000000020000028                _sbss = .
                0x0000000020000028                __bss_start__ = _sbss
 *(.bss)
 .bss           0x0000000020000028       0x1c c:/st/stm32cubeide_1.9.0/stm32cubeide/plugins/com.st.stm32cube.ide.mcu.externaltools.gnu-tools-for-stm32.10.3-2021.10.win32_1.0.0.202111181127/tools/bin/../lib/gcc/arm-none-eabi/10.3.1/thumb/v7-m/nofp/crtbegin.o
 *(.bss*)
 .bss.cliBufferTX
                0x0000000020000044       0x32 ./Core/Src/main.o
                0x0000000020000044                cliBufferTX
 *fill*         0x0000000020000076        0x2 
 .bss.cliBufferRX
                0x0000000020000078        0xa ./Core/Src/main.o
                0x0000000020000078                cliBufferRX
 *fill*         0x0000000020000082        0x2 
 .bss.input     0x0000000020000084       0x14 ./Core/Src/main.o
                0x0000000020000084                input
 .bss.x         0x0000000020000098        0x4 ./Core/Src/main.o
                0x0000000020000098                x
 .bss.huart2    0x000000002000009c       0x44 ./Core/Src/main.o
                0x000000002000009c                huart2
 .bss.huart3    0x00000000200000e0       0x44 ./Core/Src/main.o
                0x00000000200000e0                huart3
 .bss.uwTick    0x0000000020000124        0x4 ./Drivers/STM32F1xx_HAL_Driver/Src/stm32f1xx_hal.o
                0x0000000020000124                uwTick
 *(COMMON)
                0x0000000020000128                . = ALIGN (0x4)
                0x0000000020000128                _ebss = .
                0x0000000020000128                __bss_end__ = _ebss

._user_heap_stack
                0x0000000020000128      0x600 load address 0x0000000008002710
                0x0000000020000128                . = ALIGN (0x8)
                [!provide]                        PROVIDE (end = .)
                0x0000000020000128                PROVIDE (_end = .)
                0x0000000020000328                . = (. + _Min_Heap_Size)
 *fill*         0x0000000020000128      0x200 
                0x0000000020000728                . = (. + _Min_Stack_Size)
 *fill*         0x0000000020000328      0x400 
                0x0000000020000728                . = ALIGN (0x8)

/DISCARD/
 libc.a(*)
 libm.a(*)
 libgcc.a(*)

.ARM.attributes
                0x0000000000000000       0x29
 *(.ARM.attributes)
 .ARM.attributes
                0x0000000000000000       0x1d c:/st/stm32cubeide_1.9.0/stm32cubeide/plugins/com.st.stm32cube.ide.mcu.externaltools.gnu-tools-for-stm32.10.3-2021.10.win32_1.0.0.202111181127/tools/bin/../lib/gcc/arm-none-eabi/10.3.1/thumb/v7-m/nofp/crti.o
 .ARM.attributes
                0x000000000000001d       0x2d c:/st/stm32cubeide_1.9.0/stm32cubeide/plugins/com.st.stm32cube.ide.mcu.externaltools.gnu-tools-for-stm32.10.3-2021.10.win32_1.0.0.202111181127/tools/bin/../lib/gcc/arm-none-eabi/10.3.1/thumb/v7-m/nofp/crtbegin.o
 .ARM.attributes
                0x000000000000004a       0x2d ./Core/Src/CLI.o
 .ARM.attributes
                0x0000000000000077       0x2d ./Core/Src/main.o
 .ARM.attributes
                0x00000000000000a4       0x2d ./Core/Src/stm32f1xx_hal_msp.o
 .ARM.attributes
                0x00000000000000d1       0x2d ./Core/Src/stm32f1xx_it.o
 .ARM.attributes
                0x00000000000000fe       0x2d ./Core/Src/system_stm32f1xx.o
 .ARM.attributes
                0x000000000000012b       0x21 ./Core/Startup/startup_stm32f103rbtx.o
 .ARM.attributes
                0x000000000000014c       0x2d ./Drivers/STM32F1xx_HAL_Driver/Src/stm32f1xx_hal.o
 .ARM.attributes
                0x0000000000000179       0x2d ./Drivers/STM32F1xx_HAL_Driver/Src/stm32f1xx_hal_cortex.o
 .ARM.attributes
                0x00000000000001a6       0x2d ./Drivers/STM32F1xx_HAL_Driver/Src/stm32f1xx_hal_dma.o
 .ARM.attributes
                0x00000000000001d3       0x2d ./Drivers/STM32F1xx_HAL_Driver/Src/stm32f1xx_hal_gpio.o
 .ARM.attributes
                0x0000000000000200       0x2d ./Drivers/STM32F1xx_HAL_Driver/Src/stm32f1xx_hal_rcc.o
 .ARM.attributes
                0x000000000000022d       0x2d ./Drivers/STM32F1xx_HAL_Driver/Src/stm32f1xx_hal_uart.o
 .ARM.attributes
                0x000000000000025a       0x2d c:/st/stm32cubeide_1.9.0/stm32cubeide/plugins/com.st.stm32cube.ide.mcu.externaltools.gnu-tools-for-stm32.10.3-2021.10.win32_1.0.0.202111181127/tools/bin/../lib/gcc/arm-none-eabi/10.3.1/../../../../arm-none-eabi/lib/thumb/v7-m/nofp\libc_nano.a(lib_a-init.o)
 .ARM.attributes
                0x0000000000000287       0x2d c:/st/stm32cubeide_1.9.0/stm32cubeide/plugins/com.st.stm32cube.ide.mcu.externaltools.gnu-tools-for-stm32.10.3-2021.10.win32_1.0.0.202111181127/tools/bin/../lib/gcc/arm-none-eabi/10.3.1/../../../../arm-none-eabi/lib/thumb/v7-m/nofp\libc_nano.a(lib_a-memset.o)
 .ARM.attributes
                0x00000000000002b4       0x2d c:/st/stm32cubeide_1.9.0/stm32cubeide/plugins/com.st.stm32cube.ide.mcu.externaltools.gnu-tools-for-stm32.10.3-2021.10.win32_1.0.0.202111181127/tools/bin/../lib/gcc/arm-none-eabi/10.3.1/../../../../arm-none-eabi/lib/thumb/v7-m/nofp\libc_nano.a(lib_a-strcpy.o)
 .ARM.attributes
                0x00000000000002e1       0x17 c:/st/stm32cubeide_1.9.0/stm32cubeide/plugins/com.st.stm32cube.ide.mcu.externaltools.gnu-tools-for-stm32.10.3-2021.10.win32_1.0.0.202111181127/tools/bin/../lib/gcc/arm-none-eabi/10.3.1/../../../../arm-none-eabi/lib/thumb/v7-m/nofp\libc_nano.a(lib_a-strlen.o)
 .ARM.attributes
                0x00000000000002f8       0x1d c:/st/stm32cubeide_1.9.0/stm32cubeide/plugins/com.st.stm32cube.ide.mcu.externaltools.gnu-tools-for-stm32.10.3-2021.10.win32_1.0.0.202111181127/tools/bin/../lib/gcc/arm-none-eabi/10.3.1/thumb/v7-m/nofp/crtn.o
OUTPUT(452Lab3.elf elf32-littlearm)
LOAD linker stubs
LOAD c:/st/stm32cubeide_1.9.0/stm32cubeide/plugins/com.st.stm32cube.ide.mcu.externaltools.gnu-tools-for-stm32.10.3-2021.10.win32_1.0.0.202111181127/tools/bin/../lib/gcc/arm-none-eabi/10.3.1/../../../../arm-none-eabi/lib/thumb/v7-m/nofp\libc.a
LOAD c:/st/stm32cubeide_1.9.0/stm32cubeide/plugins/com.st.stm32cube.ide.mcu.externaltools.gnu-tools-for-stm32.10.3-2021.10.win32_1.0.0.202111181127/tools/bin/../lib/gcc/arm-none-eabi/10.3.1/../../../../arm-none-eabi/lib/thumb/v7-m/nofp\libm.a
LOAD c:/st/stm32cubeide_1.9.0/stm32cubeide/plugins/com.st.stm32cube.ide.mcu.externaltools.gnu-tools-for-stm32.10.3-2021.10.win32_1.0.0.202111181127/tools/bin/../lib/gcc/arm-none-eabi/10.3.1/thumb/v7-m/nofp\libgcc.a

.debug_info     0x0000000000000000     0x6665
 .debug_info    0x0000000000000000      0x7c4 ./Core/Src/CLI.o
 .debug_info    0x00000000000007c4      0xe23 ./Core/Src/main.o
 .debug_info    0x00000000000015e7      0xa0d ./Core/Src/stm32f1xx_hal_msp.o
 .debug_info    0x0000000000001ff4      0x632 ./Core/Src/stm32f1xx_it.o
 .debug_info    0x0000000000002626      0x23d ./Core/Src/system_stm32f1xx.o
 .debug_info    0x0000000000002863       0x22 ./Core/Startup/startup_stm32f103rbtx.o
 .debug_info    0x0000000000002885      0x734 ./Drivers/STM32F1xx_HAL_Driver/Src/stm32f1xx_hal.o
 .debug_info    0x0000000000002fb9      0xb20 ./Drivers/STM32F1xx_HAL_Driver/Src/stm32f1xx_hal_cortex.o
 .debug_info    0x0000000000003ad9      0x73f ./Drivers/STM32F1xx_HAL_Driver/Src/stm32f1xx_hal_dma.o
 .debug_info    0x0000000000004218      0x615 ./Drivers/STM32F1xx_HAL_Driver/Src/stm32f1xx_hal_gpio.o
 .debug_info    0x000000000000482d      0x860 ./Drivers/STM32F1xx_HAL_Driver/Src/stm32f1xx_hal_rcc.o
 .debug_info    0x000000000000508d     0x15d8 ./Drivers/STM32F1xx_HAL_Driver/Src/stm32f1xx_hal_uart.o

.debug_abbrev   0x0000000000000000     0x171f
 .debug_abbrev  0x0000000000000000      0x1e8 ./Core/Src/CLI.o
 .debug_abbrev  0x00000000000001e8      0x303 ./Core/Src/main.o
 .debug_abbrev  0x00000000000004eb      0x1b2 ./Core/Src/stm32f1xx_hal_msp.o
 .debug_abbrev  0x000000000000069d      0x174 ./Core/Src/stm32f1xx_it.o
 .debug_abbrev  0x0000000000000811      0x13b ./Core/Src/system_stm32f1xx.o
 .debug_abbrev  0x000000000000094c       0x12 ./Core/Startup/startup_stm32f103rbtx.o
 .debug_abbrev  0x000000000000095e      0x1fb ./Drivers/STM32F1xx_HAL_Driver/Src/stm32f1xx_hal.o
 .debug_abbrev  0x0000000000000b59      0x2ed ./Drivers/STM32F1xx_HAL_Driver/Src/stm32f1xx_hal_cortex.o
 .debug_abbrev  0x0000000000000e46      0x1fe ./Drivers/STM32F1xx_HAL_Driver/Src/stm32f1xx_hal_dma.o
 .debug_abbrev  0x0000000000001044      0x1bb ./Drivers/STM32F1xx_HAL_Driver/Src/stm32f1xx_hal_gpio.o
 .debug_abbrev  0x00000000000011ff      0x2a8 ./Drivers/STM32F1xx_HAL_Driver/Src/stm32f1xx_hal_rcc.o
 .debug_abbrev  0x00000000000014a7      0x278 ./Drivers/STM32F1xx_HAL_Driver/Src/stm32f1xx_hal_uart.o

.debug_aranges  0x0000000000000000      0x6c0
 .debug_aranges
                0x0000000000000000       0x38 ./Core/Src/CLI.o
 .debug_aranges
                0x0000000000000038       0x50 ./Core/Src/main.o
 .debug_aranges
                0x0000000000000088       0x30 ./Core/Src/stm32f1xx_hal_msp.o
 .debug_aranges
                0x00000000000000b8       0x70 ./Core/Src/stm32f1xx_it.o
 .debug_aranges
                0x0000000000000128       0x28 ./Core/Src/system_stm32f1xx.o
 .debug_aranges
                0x0000000000000150       0x28 ./Core/Startup/startup_stm32f103rbtx.o
 .debug_aranges
                0x0000000000000178       0xe0 ./Drivers/STM32F1xx_HAL_Driver/Src/stm32f1xx_hal.o
 .debug_aranges
                0x0000000000000258      0x100 ./Drivers/STM32F1xx_HAL_Driver/Src/stm32f1xx_hal_cortex.o
 .debug_aranges
                0x0000000000000358       0x80 ./Drivers/STM32F1xx_HAL_Driver/Src/stm32f1xx_hal_dma.o
 .debug_aranges
                0x00000000000003d8       0x58 ./Drivers/STM32F1xx_HAL_Driver/Src/stm32f1xx_hal_gpio.o
 .debug_aranges
                0x0000000000000430       0x90 ./Drivers/STM32F1xx_HAL_Driver/Src/stm32f1xx_hal_rcc.o
 .debug_aranges
                0x00000000000004c0      0x200 ./Drivers/STM32F1xx_HAL_Driver/Src/stm32f1xx_hal_uart.o

.debug_ranges   0x0000000000000000      0x638
 .debug_ranges  0x0000000000000000       0x28 ./Core/Src/CLI.o
 .debug_ranges  0x0000000000000028       0x40 ./Core/Src/main.o
 .debug_ranges  0x0000000000000068       0x20 ./Core/Src/stm32f1xx_hal_msp.o
 .debug_ranges  0x0000000000000088       0x60 ./Core/Src/stm32f1xx_it.o
 .debug_ranges  0x00000000000000e8       0x18 ./Core/Src/system_stm32f1xx.o
 .debug_ranges  0x0000000000000100       0x20 ./Core/Startup/startup_stm32f103rbtx.o
 .debug_ranges  0x0000000000000120       0xd0 ./Drivers/STM32F1xx_HAL_Driver/Src/stm32f1xx_hal.o
 .debug_ranges  0x00000000000001f0       0xf0 ./Drivers/STM32F1xx_HAL_Driver/Src/stm32f1xx_hal_cortex.o
 .debug_ranges  0x00000000000002e0       0x70 ./Drivers/STM32F1xx_HAL_Driver/Src/stm32f1xx_hal_dma.o
 .debug_ranges  0x0000000000000350       0x48 ./Drivers/STM32F1xx_HAL_Driver/Src/stm32f1xx_hal_gpio.o
 .debug_ranges  0x0000000000000398       0x80 ./Drivers/STM32F1xx_HAL_Driver/Src/stm32f1xx_hal_rcc.o
 .debug_ranges  0x0000000000000418      0x220 ./Drivers/STM32F1xx_HAL_Driver/Src/stm32f1xx_hal_uart.o

.debug_macro    0x0000000000000000    0x16a01
 .debug_macro   0x0000000000000000      0x278 ./Core/Src/CLI.o
 .debug_macro   0x0000000000000278      0xa6c ./Core/Src/CLI.o
 .debug_macro   0x0000000000000ce4       0x22 ./Core/Src/CLI.o
 .debug_macro   0x0000000000000d06       0x4c ./Core/Src/CLI.o
 .debug_macro   0x0000000000000d52       0x18 ./Core/Src/CLI.o
 .debug_macro   0x0000000000000d6a       0x94 ./Core/Src/CLI.o
 .debug_macro   0x0000000000000dfe       0x3c ./Core/Src/CLI.o
 .debug_macro   0x0000000000000e3a       0x34 ./Core/Src/CLI.o
 .debug_macro   0x0000000000000e6e      0x174 ./Core/Src/CLI.o
 .debug_macro   0x0000000000000fe2       0x16 ./Core/Src/CLI.o
 .debug_macro   0x0000000000000ff8       0x43 ./Core/Src/CLI.o
 .debug_macro   0x000000000000103b       0x57 ./Core/Src/CLI.o
 .debug_macro   0x0000000000001092       0x34 ./Core/Src/CLI.o
 .debug_macro   0x00000000000010c6       0x10 ./Core/Src/CLI.o
 .debug_macro   0x00000000000010d6       0x58 ./Core/Src/CLI.o
 .debug_macro   0x000000000000112e       0x71 ./Core/Src/CLI.o
 .debug_macro   0x000000000000119f       0x1c ./Core/Src/CLI.o
 .debug_macro   0x00000000000011bb      0x12a ./Core/Src/CLI.o
 .debug_macro   0x00000000000012e5      0x341 ./Core/Src/CLI.o
 .debug_macro   0x0000000000001626       0x10 ./Core/Src/CLI.o
 .debug_macro   0x0000000000001636       0x35 ./Core/Src/CLI.o
 .debug_macro   0x000000000000166b       0x20 ./Core/Src/CLI.o
 .debug_macro   0x000000000000168b      0x215 ./Core/Src/CLI.o
 .debug_macro   0x00000000000018a0       0x2e ./Core/Src/CLI.o
 .debug_macro   0x00000000000018ce       0x22 ./Core/Src/CLI.o
 .debug_macro   0x00000000000018f0      0x103 ./Core/Src/CLI.o
 .debug_macro   0x00000000000019f3       0x6a ./Core/Src/CLI.o
 .debug_macro   0x0000000000001a5d      0x1df ./Core/Src/CLI.o
 .debug_macro   0x0000000000001c3c       0x1c ./Core/Src/CLI.o
 .debug_macro   0x0000000000001c58       0x22 ./Core/Src/CLI.o
 .debug_macro   0x0000000000001c7a       0xbd ./Core/Src/CLI.o
 .debug_macro   0x0000000000001d37      0xd23 ./Core/Src/CLI.o
 .debug_macro   0x0000000000002a5a     0xe09e ./Core/Src/CLI.o
 .debug_macro   0x0000000000010af8       0x6d ./Core/Src/CLI.o
 .debug_macro   0x0000000000010b65     0x3468 ./Core/Src/CLI.o
 .debug_macro   0x0000000000013fcd       0x56 ./Core/Src/CLI.o
 .debug_macro   0x0000000000014023      0x5be ./Core/Src/CLI.o
 .debug_macro   0x00000000000145e1      0x289 ./Core/Src/CLI.o
 .debug_macro   0x000000000001486a      0x1cb ./Core/Src/CLI.o
 .debug_macro   0x0000000000014a35      0x114 ./Core/Src/CLI.o
 .debug_macro   0x0000000000014b49      0x1b2 ./Core/Src/CLI.o
 .debug_macro   0x0000000000014cfb       0x27 ./Core/Src/CLI.o
 .debug_macro   0x0000000000014d22      0x136 ./Core/Src/CLI.o
 .debug_macro   0x0000000000014e58      0x1bc ./Core/Src/CLI.o
 .debug_macro   0x0000000000015014       0x34 ./Core/Src/CLI.o
 .debug_macro   0x0000000000015048       0x3c ./Core/Src/CLI.o
 .debug_macro   0x0000000000015084       0x57 ./Core/Src/CLI.o
 .debug_macro   0x00000000000150db       0x88 ./Core/Src/CLI.o
 .debug_macro   0x0000000000015163      0x241 ./Core/Src/CLI.o
 .debug_macro   0x00000000000153a4      0x141 ./Core/Src/CLI.o
 .debug_macro   0x00000000000154e5      0x279 ./Core/Src/CLI.o
 .debug_macro   0x000000000001575e       0x83 ./Core/Src/CLI.o
 .debug_macro   0x00000000000157e1       0x5e ./Core/Src/CLI.o
 .debug_macro   0x000000000001583f       0x22 ./Core/Src/CLI.o
 .debug_macro   0x0000000000015861      0x19d ./Core/Src/main.o
 .debug_macro   0x00000000000159fe       0x8e ./Core/Src/main.o
 .debug_macro   0x0000000000015a8c       0x51 ./Core/Src/main.o
 .debug_macro   0x0000000000015add       0x5c ./Core/Src/main.o
 .debug_macro   0x0000000000015b39      0x19d ./Core/Src/stm32f1xx_hal_msp.o
 .debug_macro   0x0000000000015cd6      0x1a7 ./Core/Src/stm32f1xx_it.o
 .debug_macro   0x0000000000015e7d      0x18e ./Core/Src/system_stm32f1xx.o
 .debug_macro   0x000000000001600b      0x1b2 ./Drivers/STM32F1xx_HAL_Driver/Src/stm32f1xx_hal.o
 .debug_macro   0x00000000000161bd      0x18e ./Drivers/STM32F1xx_HAL_Driver/Src/stm32f1xx_hal_cortex.o
 .debug_macro   0x000000000001634b      0x18e ./Drivers/STM32F1xx_HAL_Driver/Src/stm32f1xx_hal_dma.o
 .debug_macro   0x00000000000164d9      0x1f9 ./Drivers/STM32F1xx_HAL_Driver/Src/stm32f1xx_hal_gpio.o
 .debug_macro   0x00000000000166d2      0x1a0 ./Drivers/STM32F1xx_HAL_Driver/Src/stm32f1xx_hal_rcc.o
 .debug_macro   0x0000000000016872      0x18f ./Drivers/STM32F1xx_HAL_Driver/Src/stm32f1xx_hal_uart.o

.debug_line     0x0000000000000000     0x77b6
 .debug_line    0x0000000000000000      0x971 ./Core/Src/CLI.o
 .debug_line    0x0000000000000971      0x7e3 ./Core/Src/main.o
 .debug_line    0x0000000000001154      0x6c1 ./Core/Src/stm32f1xx_hal_msp.o
 .debug_line    0x0000000000001815      0x72f ./Core/Src/stm32f1xx_it.o
 .debug_line    0x0000000000001f44      0x6bb ./Core/Src/system_stm32f1xx.o
 .debug_line    0x00000000000025ff       0x87 ./Core/Startup/startup_stm32f103rbtx.o
 .debug_line    0x0000000000002686      0x8e8 ./Drivers/STM32F1xx_HAL_Driver/Src/stm32f1xx_hal.o
 .debug_line    0x0000000000002f6e      0xad0 ./Drivers/STM32F1xx_HAL_Driver/Src/stm32f1xx_hal_cortex.o
 .debug_line    0x0000000000003a3e      0xd40 ./Drivers/STM32F1xx_HAL_Driver/Src/stm32f1xx_hal_dma.o
 .debug_line    0x000000000000477e      0x97f ./Drivers/STM32F1xx_HAL_Driver/Src/stm32f1xx_hal_gpio.o
 .debug_line    0x00000000000050fd      0xcf6 ./Drivers/STM32F1xx_HAL_Driver/Src/stm32f1xx_hal_rcc.o
 .debug_line    0x0000000000005df3     0x19c3 ./Drivers/STM32F1xx_HAL_Driver/Src/stm32f1xx_hal_uart.o

.debug_str      0x0000000000000000    0x81190
 .debug_str     0x0000000000000000    0x7f6d7 ./Core/Src/CLI.o
                                      0x7fa6e (size before relaxing)
 .debug_str     0x000000000007f6d7      0x56b ./Core/Src/main.o
                                      0x7d1b4 (size before relaxing)
 .debug_str     0x000000000007fc42       0xa8 ./Core/Src/stm32f1xx_hal_msp.o
                                      0x7cf0f (size before relaxing)
 .debug_str     0x000000000007fcea      0x11d ./Core/Src/stm32f1xx_it.o
                                      0x7cbed (size before relaxing)
 .debug_str     0x000000000007fe07       0x7e ./Core/Src/system_stm32f1xx.o
                                      0x7c680 (size before relaxing)
 .debug_str     0x000000000007fe85       0x36 ./Core/Startup/startup_stm32f103rbtx.o
                                         0x70 (size before relaxing)
 .debug_str     0x000000000007febb      0x38e ./Drivers/STM32F1xx_HAL_Driver/Src/stm32f1xx_hal.o
                                      0x7cdb3 (size before relaxing)
 .debug_str     0x0000000000080249      0x294 ./Drivers/STM32F1xx_HAL_Driver/Src/stm32f1xx_hal_cortex.o
                                      0x7ccff (size before relaxing)
 .debug_str     0x00000000000804dd      0x23a ./Drivers/STM32F1xx_HAL_Driver/Src/stm32f1xx_hal_dma.o
                                      0x7ca29 (size before relaxing)
 .debug_str     0x0000000000080717      0x2b7 ./Drivers/STM32F1xx_HAL_Driver/Src/stm32f1xx_hal_gpio.o
                                      0x7ca06 (size before relaxing)
 .debug_str     0x00000000000809ce      0x229 ./Drivers/STM32F1xx_HAL_Driver/Src/stm32f1xx_hal_rcc.o
                                      0x7caaf (size before relaxing)
 .debug_str     0x0000000000080bf7      0x599 ./Drivers/STM32F1xx_HAL_Driver/Src/stm32f1xx_hal_uart.o
                                      0x7d0ba (size before relaxing)

.comment        0x0000000000000000       0x50
 .comment       0x0000000000000000       0x50 ./Core/Src/CLI.o
                                         0x51 (size before relaxing)
 .comment       0x0000000000000050       0x51 ./Core/Src/main.o
 .comment       0x0000000000000050       0x51 ./Core/Src/stm32f1xx_hal_msp.o
 .comment       0x0000000000000050       0x51 ./Core/Src/stm32f1xx_it.o
 .comment       0x0000000000000050       0x51 ./Core/Src/system_stm32f1xx.o
 .comment       0x0000000000000050       0x51 ./Drivers/STM32F1xx_HAL_Driver/Src/stm32f1xx_hal.o
 .comment       0x0000000000000050       0x51 ./Drivers/STM32F1xx_HAL_Driver/Src/stm32f1xx_hal_cortex.o
 .comment       0x0000000000000050       0x51 ./Drivers/STM32F1xx_HAL_Driver/Src/stm32f1xx_hal_dma.o
 .comment       0x0000000000000050       0x51 ./Drivers/STM32F1xx_HAL_Driver/Src/stm32f1xx_hal_gpio.o
 .comment       0x0000000000000050       0x51 ./Drivers/STM32F1xx_HAL_Driver/Src/stm32f1xx_hal_rcc.o
 .comment       0x0000000000000050       0x51 ./Drivers/STM32F1xx_HAL_Driver/Src/stm32f1xx_hal_uart.o

.debug_frame    0x0000000000000000     0x19f0
 .debug_frame   0x0000000000000000       0xa8 ./Core/Src/CLI.o
 .debug_frame   0x00000000000000a8       0xe8 ./Core/Src/main.o
 .debug_frame   0x0000000000000190       0x80 ./Core/Src/stm32f1xx_hal_msp.o
 .debug_frame   0x0000000000000210      0x13c ./Core/Src/stm32f1xx_it.o
 .debug_frame   0x000000000000034c       0x58 ./Core/Src/system_stm32f1xx.o
 .debug_frame   0x00000000000003a4      0x334 ./Drivers/STM32F1xx_HAL_Driver/Src/stm32f1xx_hal.o
 .debug_frame   0x00000000000006d8      0x428 ./Drivers/STM32F1xx_HAL_Driver/Src/stm32f1xx_hal_cortex.o
 .debug_frame   0x0000000000000b00      0x208 ./Drivers/STM32F1xx_HAL_Driver/Src/stm32f1xx_hal_dma.o
 .debug_frame   0x0000000000000d08      0x14c ./Drivers/STM32F1xx_HAL_Driver/Src/stm32f1xx_hal_gpio.o
 .debug_frame   0x0000000000000e54      0x21c ./Drivers/STM32F1xx_HAL_Driver/Src/stm32f1xx_hal_rcc.o
 .debug_frame   0x0000000000001070      0x914 ./Drivers/STM32F1xx_HAL_Driver/Src/stm32f1xx_hal_uart.o
 .debug_frame   0x0000000000001984       0x2c c:/st/stm32cubeide_1.9.0/stm32cubeide/plugins/com.st.stm32cube.ide.mcu.externaltools.gnu-tools-for-stm32.10.3-2021.10.win32_1.0.0.202111181127/tools/bin/../lib/gcc/arm-none-eabi/10.3.1/../../../../arm-none-eabi/lib/thumb/v7-m/nofp\libc_nano.a(lib_a-init.o)
 .debug_frame   0x00000000000019b0       0x20 c:/st/stm32cubeide_1.9.0/stm32cubeide/plugins/com.st.stm32cube.ide.mcu.externaltools.gnu-tools-for-stm32.10.3-2021.10.win32_1.0.0.202111181127/tools/bin/../lib/gcc/arm-none-eabi/10.3.1/../../../../arm-none-eabi/lib/thumb/v7-m/nofp\libc_nano.a(lib_a-memset.o)
 .debug_frame   0x00000000000019d0       0x20 c:/st/stm32cubeide_1.9.0/stm32cubeide/plugins/com.st.stm32cube.ide.mcu.externaltools.gnu-tools-for-stm32.10.3-2021.10.win32_1.0.0.202111181127/tools/bin/../lib/gcc/arm-none-eabi/10.3.1/../../../../arm-none-eabi/lib/thumb/v7-m/nofp\libc_nano.a(lib_a-strcpy.o)
