../Core/Src/main.c:75:6:resetBuff	16	static
../Core/Src/main.c:84:6:resetInput	16	static
../Core/Src/main.c:97:5:main	48	static
../Core/Src/main.c:277:6:SystemClock_Config	72	static
../Core/Src/main.c:316:13:MX_TIM4_Init	40	static
../Core/Src/main.c:366:13:MX_USART2_UART_Init	8	static
../Core/Src/main.c:399:13:MX_USART3_UART_Init	8	static
../Core/Src/main.c:432:13:MX_GPIO_Init	40	static
../Core/Src/main.c:486:10:rnd32	16	static
../Core/Src/main.c:497:10:rnd64	152	static
../Core/Src/main.c:515:10:add32	16	static
../Core/Src/main.c:520:10:add64	32	static
../Core/Src/main.c:525:10:mult32	24	static
../Core/Src/main.c:530:10:mult64	32	static
../Core/Src/main.c:535:10:div32	16	static
../Core/Src/main.c:544:10:div64	24	static
../Core/Src/main.c:553:6:runTests	2448	static
../Core/Src/main.c:720:6:Error_Handler	4	static,ignoring_inline_asm
